// Jest Snapshot v1, https://goo.gl/fbAQLP

exports[`Tree measureRowRenderer should render a CellMeasurer 1`] = `
Object {
  "cache": CellMeasurerCache {
    "_cellHeightCache": Object {},
    "_cellWidthCache": Object {},
    "_columnCount": 0,
    "_columnWidthCache": Object {},
    "_defaultHeight": 30,
    "_defaultWidth": 100,
    "_hasFixedHeight": false,
    "_hasFixedWidth": true,
    "_keyMapper": [Function],
    "_minHeight": 20,
    "_minWidth": 0,
    "_rowCount": 0,
    "_rowHeightCache": Object {},
    "columnWidth": [Function],
    "rowHeight": [Function],
  },
  "children": [Function],
  "columnIndex": 0,
  "parent": Object {},
  "rowIndex": 0,
}
`;

exports[`Tree rowRenderer should render the Node renderer with the correct props 1`] = `
Object {
  "measure": [MockFunction],
  "node": Object {
    "children": Array [
      Object {
        "children": Array [
          Object {
            "id": 3,
            "name": "Leaf 3",
            "state": Object {
              "deletable": true,
              "favorite": true,
            },
          },
          Object {
            "id": 4,
            "name": "Leaf 4",
          },
        ],
        "id": 2,
        "name": "Leaf 2",
        "state": Object {
          "deletable": true,
          "expanded": true,
        },
      },
      Object {
        "id": 5,
        "name": "Leaf 5",
      },
    ],
    "deepness": 0,
    "id": 0,
    "name": "Leaf 1",
    "parents": Array [],
    "state": Object {
      "expanded": true,
    },
  },
  "onChange": [MockFunction],
}
`;

exports[`Tree should render a Tree with children and the correct props 1`] = `
initialize {
  "0": Object {
    "attribs": Object {
      "style": "overflow:visible;height:0;width:0",
    },
    "children": Array [
      Object {
        "attribs": Object {
          "aria-label": "grid",
          "aria-readonly": "true",
          "class": "ReactVirtualized__Grid ReactVirtualized__List",
          "role": "grid",
          "style": "box-sizing:border-box;direction:ltr;height:0;position:relative;width:0;-webkit-overflow-scrolling:touch;will-change:transform;overflow-x:hidden;overflow-y:auto",
          "tabindex": "0",
        },
        "children": Array [],
        "name": "div",
        "namespace": "http://www.w3.org/1999/xhtml",
        "next": null,
        "parent": [Circular],
        "prev": null,
        "type": "tag",
        "x-attribsNamespace": Object {
          "aria-label": undefined,
          "aria-readonly": undefined,
          "class": undefined,
          "role": undefined,
          "style": undefined,
          "tabindex": undefined,
        },
        "x-attribsPrefix": Object {
          "aria-label": undefined,
          "aria-readonly": undefined,
          "class": undefined,
          "role": undefined,
          "style": undefined,
          "tabindex": undefined,
        },
      },
    ],
    "name": "div",
    "namespace": "http://www.w3.org/1999/xhtml",
    "next": null,
    "parent": null,
    "prev": null,
    "root": Object {
      "attribs": Object {},
      "children": Array [
        [Circular],
      ],
      "name": "root",
      "namespace": "http://www.w3.org/1999/xhtml",
      "next": null,
      "parent": null,
      "prev": null,
      "type": "root",
      "x-attribsNamespace": Object {},
      "x-attribsPrefix": Object {},
    },
    "type": "tag",
    "x-attribsNamespace": Object {
      "style": undefined,
    },
    "x-attribsPrefix": Object {
      "style": undefined,
    },
  },
  "_root": [Circular],
  "length": 1,
  "options": Object {
    "decodeEntities": true,
    "normalizeWhitespace": false,
    "withDomLvl1": true,
    "xml": false,
  },
}
`;
